PseudoSampleSort: nlsamples=2 of 2
PseudoSampleSort: max_nrecv: 1384 of 1343
[ 0] PseudoSampleSort: nrecv: 1302 of 1343
[ 1] PseudoSampleSort: nrecv: 1384 of 1343
XYZ Cut:   2073 	Balance:  1.000 [1343 2686 2]
Partitioning a graph of size 2686 serially
Final   2-way Cut:    561 	Balance: 1.017 
