PseudoSampleSort: nlsamples=4 of 4
PseudoSampleSort: max_nrecv: 2135 of 2051
[ 0] PseudoSampleSort: nrecv: 2135 of 2051
[ 3] PseudoSampleSort: nrecv: 2076 of 2051
XYZ Cut:  14725 	Balance:  1.000 [2051 8204 4]
Partitioning a graph of size 8204 serially
Final   4-way Cut:    765 	Balance: 1.013 
